// Jest Snapshot v1, https://goo.gl/fbAQLP

exports[`renders the UI as expected 1`] = `
<div
  className="build-display-synergies"
>
  <div
    className="synergies-expand-collapse button-cursor"
    onClick={[Function]}
  >
    Collapse
  </div>
  <h3
    className="synergy-header"
  >
    Synergies
  </h3>
  <div
    className="synergies-box"
  />
</div>
`;
